Epoch :0
Epoch 1/50 | train_loss=1.9377 | train_acc=30.01%
Epoch :1
Epoch 2/50 | train_loss=1.4880 | train_acc=45.21%
Epoch :2
Epoch 3/50 | train_loss=1.2548 | train_acc=55.18%
Epoch :3
Epoch 4/50 | train_loss=1.0993 | train_acc=61.67%
Epoch :4
Epoch 5/50 | train_loss=0.9840 | train_acc=65.72%
  --> Clean ACC: 58.88% | ASR: 13.38%
Epoch :5
Epoch 6/50 | train_loss=0.8822 | train_acc=70.11%
Epoch :6
Epoch 7/50 | train_loss=0.8001 | train_acc=73.03%
Epoch :7
Epoch 8/50 | train_loss=0.7440 | train_acc=75.28%
Epoch :8
Epoch 9/50 | train_loss=0.7094 | train_acc=76.63%
Epoch :9
Epoch 10/50 | train_loss=0.6830 | train_acc=77.64%
  --> Clean ACC: 73.20% | ASR: 8.75%
Epoch :10
Epoch 11/50 | train_loss=0.6492 | train_acc=78.57%
Epoch :11
Epoch 12/50 | train_loss=0.6242 | train_acc=79.72%
Epoch :12
Epoch 13/50 | train_loss=0.6146 | train_acc=79.99%
Epoch :13
Epoch 14/50 | train_loss=0.5977 | train_acc=80.79%
Epoch :14
Epoch 15/50 | train_loss=0.5791 | train_acc=81.33%
  --> Clean ACC: 76.33% | ASR: 12.10%
Epoch :15
Epoch 16/50 | train_loss=0.5586 | train_acc=82.04%
Epoch :16
Epoch 17/50 | train_loss=0.5458 | train_acc=82.60%
Epoch :17
Epoch 18/50 | train_loss=0.5313 | train_acc=82.97%
Epoch :18
Epoch 19/50 | train_loss=0.5136 | train_acc=83.51%
Epoch :19
Epoch 20/50 | train_loss=0.5089 | train_acc=83.85%
  --> Clean ACC: 82.63% | ASR: 11.76%
Epoch :20
Epoch 21/50 | train_loss=0.4867 | train_acc=84.66%
Epoch :21
Epoch 22/50 | train_loss=0.4770 | train_acc=84.88%
Epoch :22
Epoch 23/50 | train_loss=0.4627 | train_acc=85.48%
Epoch :23
Epoch 24/50 | train_loss=0.4507 | train_acc=85.86%
Epoch :24
Epoch 25/50 | train_loss=0.4415 | train_acc=86.23%
  --> Clean ACC: 83.32% | ASR: 7.30%
Epoch :25
Epoch 26/50 | train_loss=0.4228 | train_acc=86.69%
Epoch :26
Epoch 27/50 | train_loss=0.4093 | train_acc=87.23%
Epoch :27
Epoch 28/50 | train_loss=0.3982 | train_acc=87.44%
Epoch :28
Epoch 29/50 | train_loss=0.3824 | train_acc=88.13%
Epoch :29
Epoch 30/50 | train_loss=0.3643 | train_acc=88.71%
  --> Clean ACC: 85.58% | ASR: 13.47%
Epoch :30
Epoch 31/50 | train_loss=0.3519 | train_acc=89.25%
Epoch :31
Epoch 32/50 | train_loss=0.3376 | train_acc=89.66%
Epoch :32
Epoch 33/50 | train_loss=0.3235 | train_acc=90.24%
Epoch :33
Epoch 34/50 | train_loss=0.3052 | train_acc=90.74%
Epoch :34
Epoch 35/50 | train_loss=0.2886 | train_acc=91.33%
  --> Clean ACC: 88.31% | ASR: 13.10%
Epoch :35
Epoch 36/50 | train_loss=0.2716 | train_acc=91.84%
Epoch :36
Epoch 37/50 | train_loss=0.2558 | train_acc=92.33%
Epoch :37
Epoch 38/50 | train_loss=0.2384 | train_acc=92.96%
Epoch :38
Epoch 39/50 | train_loss=0.2206 | train_acc=93.58%
Epoch :39
Epoch 40/50 | train_loss=0.2032 | train_acc=93.98%
  --> Clean ACC: 91.36% | ASR: 11.79%
Epoch :40
Epoch 41/50 | train_loss=0.1841 | train_acc=94.58%
Epoch :41
Epoch 42/50 | train_loss=0.1688 | train_acc=95.04%
Epoch :42
Epoch 43/50 | train_loss=0.1503 | train_acc=95.52%
Epoch :43
Epoch 44/50 | train_loss=0.1379 | train_acc=95.83%
Epoch :44
Epoch 45/50 | train_loss=0.1222 | train_acc=96.34%
  --> Clean ACC: 92.01% | ASR: 12.82%
Epoch :45
Epoch 46/50 | train_loss=0.1122 | train_acc=96.61%
Epoch :46
Epoch 47/50 | train_loss=0.1016 | train_acc=96.86%
Epoch :47
Epoch 48/50 | train_loss=0.0949 | train_acc=97.06%
Epoch :48
Epoch 49/50 | train_loss=0.0898 | train_acc=97.22%
Epoch :49
Epoch 50/50 | train_loss=0.0887 | train_acc=97.22%
  --> Clean ACC: 91.90% | ASR: 12.57%
Saved backdoored checkpoint to /home/HDD/ATAF/siddharth/ASSET/trained_models/poisoned_models/resnet18_cifar10_ssba.pth
Final: Clean ACC=91.90%, ASR=12.57%
